// Jest Snapshot v1, https://goo.gl/fbAQLP

exports[`BottomBar should renders correctly 1`] = `
Array [
  <div
    className="sc-eCApGN wtGhL"
  >
    <div
      className="sc-bdnylx kllbOP"
      onClick={[Function]}
      type="LIGHT"
    >
      <span
        className="sc-gtssRu hTGNSe"
      >
        
      </span>
    </div>
    <div
      className="sc-bdnylx bsOIpA"
      onClick={[Function]}
      type="DARK"
    >
      <span
        className="sc-gtssRu hTGNSe"
      >
        
      </span>
    </div>
    <div
      className="sc-bdnylx kllbOP"
      onClick={[Function]}
      type="LIGHT"
    >
      <span
        className="sc-gtssRu hTGNSe"
      >
        
      </span>
    </div>
    <div
      className="sc-bdnylx bsOIpA"
      onClick={[Function]}
      type="DARK"
    >
      <span
        className="sc-gtssRu hTGNSe"
      >
        
      </span>
    </div>
    <div
      className="sc-bdnylx kllbOP"
      onClick={[Function]}
      type="LIGHT"
    >
      <span
        className="sc-gtssRu hTGNSe"
      >
        
      </span>
    </div>
    <div
      className="sc-bdnylx bsOIpA"
      onClick={[Function]}
      type="DARK"
    >
      <span
        className="sc-gtssRu hTGNSe"
      >
        
      </span>
    </div>
    <div
      className="sc-bdnylx kllbOP"
      onClick={[Function]}
      type="LIGHT"
    >
      <span
        className="sc-gtssRu hTGNSe"
      >
        
      </span>
    </div>
    <div
      className="sc-bdnylx bsOIpA"
      onClick={[Function]}
      type="DARK"
    >
      <span
        className="sc-gtssRu hTGNSe"
      >
        
      </span>
    </div>
    <div
      className="sc-bdnylx bsOIpA"
      onClick={[Function]}
      type="DARK"
    >
      <span
        className="sc-gtssRu hTGNSe"
      >
        
      </span>
    </div>
    <div
      className="sc-bdnylx kllbOP"
      onClick={[Function]}
      type="LIGHT"
    >
      <span
        className="sc-gtssRu hTGNSe"
      >
        
      </span>
    </div>
    <div
      className="sc-bdnylx bsOIpA"
      onClick={[Function]}
      type="DARK"
    >
      <span
        className="sc-gtssRu gDJAzW"
        type="DARK"
      >
        p
      </span>
    </div>
    <div
      className="sc-bdnylx kllbOP"
      onClick={[Function]}
      type="LIGHT"
    >
      <span
        className="sc-gtssRu hTGNSe"
      >
        
      </span>
    </div>
    <div
      className="sc-bdnylx bsOIpA"
      onClick={[Function]}
      type="DARK"
    >
      <span
        className="sc-gtssRu hTGNSe"
      >
        
      </span>
    </div>
    <div
      className="sc-bdnylx kllbOP"
      onClick={[Function]}
      type="LIGHT"
    >
      <span
        className="sc-gtssRu hTGNSe"
      >
        
      </span>
    </div>
    <div
      className="sc-bdnylx bsOIpA"
      onClick={[Function]}
      type="DARK"
    >
      <span
        className="sc-gtssRu hTGNSe"
      >
        
      </span>
    </div>
    <div
      className="sc-bdnylx kllbOP"
      onClick={[Function]}
      type="LIGHT"
    >
      <span
        className="sc-gtssRu hTGNSe"
      >
        
      </span>
    </div>
    <div
      className="sc-bdnylx kllbOP"
      onClick={[Function]}
      type="LIGHT"
    >
      <span
        className="sc-gtssRu hTGNSe"
      >
        
      </span>
    </div>
    <div
      className="sc-bdnylx bsOIpA"
      onClick={[Function]}
      type="DARK"
    >
      <span
        className="sc-gtssRu hTGNSe"
      >
        
      </span>
    </div>
    <div
      className="sc-bdnylx kllbOP"
      onClick={[Function]}
      type="LIGHT"
    >
      <span
        className="sc-gtssRu hTGNSe"
      >
        
      </span>
    </div>
    <div
      className="sc-bdnylx bsOIpA"
      onClick={[Function]}
      type="DARK"
    >
      <span
        className="sc-gtssRu hTGNSe"
      >
        
      </span>
    </div>
    <div
      className="sc-bdnylx kllbOP"
      onClick={[Function]}
      type="LIGHT"
    >
      <span
        className="sc-gtssRu hTGNSe"
      >
        
      </span>
    </div>
    <div
      className="sc-bdnylx bsOIpA"
      onClick={[Function]}
      type="DARK"
    >
      <span
        className="sc-gtssRu hTGNSe"
      >
        
      </span>
    </div>
    <div
      className="sc-bdnylx kllbOP"
      onClick={[Function]}
      type="LIGHT"
    >
      <span
        className="sc-gtssRu hTGNSe"
      >
        
      </span>
    </div>
    <div
      className="sc-bdnylx bsOIpA"
      onClick={[Function]}
      type="DARK"
    >
      <span
        className="sc-gtssRu hTGNSe"
      >
        
      </span>
    </div>
    <div
      className="sc-bdnylx bsOIpA"
      onClick={[Function]}
      type="DARK"
    >
      <span
        className="sc-gtssRu hTGNSe"
      >
        
      </span>
    </div>
    <div
      className="sc-bdnylx kllbOP"
      onClick={[Function]}
      type="LIGHT"
    >
      <span
        className="sc-gtssRu hTGNSe"
      >
        
      </span>
    </div>
    <div
      className="sc-bdnylx bsOIpA"
      onClick={[Function]}
      type="DARK"
    >
      <span
        className="sc-gtssRu hTGNSe"
      >
        
      </span>
    </div>
    <div
      className="sc-bdnylx kllbOP"
      onClick={[Function]}
      type="LIGHT"
    >
      <span
        className="sc-gtssRu hTGNSe"
      >
        
      </span>
    </div>
    <div
      className="sc-bdnylx bsOIpA"
      onClick={[Function]}
      type="DARK"
    >
      <span
        className="sc-gtssRu hTGNSe"
      >
        
      </span>
    </div>
    <div
      className="sc-bdnylx kllbOP"
      onClick={[Function]}
      type="LIGHT"
    >
      <span
        className="sc-gtssRu hTGNSe"
      >
        
      </span>
    </div>
    <div
      className="sc-bdnylx bsOIpA"
      onClick={[Function]}
      type="DARK"
    >
      <span
        className="sc-gtssRu hTGNSe"
      >
        
      </span>
    </div>
    <div
      className="sc-bdnylx kllbOP"
      onClick={[Function]}
      type="LIGHT"
    >
      <span
        className="sc-gtssRu hTGNSe"
      >
        
      </span>
    </div>
    <div
      className="sc-bdnylx kllbOP"
      onClick={[Function]}
      type="LIGHT"
    >
      <span
        className="sc-gtssRu hTGNSe"
      >
        
      </span>
    </div>
    <div
      className="sc-bdnylx bsOIpA"
      onClick={[Function]}
      type="DARK"
    >
      <span
        className="sc-gtssRu hTGNSe"
      >
        
      </span>
    </div>
    <div
      className="sc-bdnylx kllbOP"
      onClick={[Function]}
      type="LIGHT"
    >
      <span
        className="sc-gtssRu hTGNSe"
      >
        
      </span>
    </div>
    <div
      className="sc-bdnylx bsOIpA"
      onClick={[Function]}
      type="DARK"
    >
      <span
        className="sc-gtssRu hTGNSe"
      >
        
      </span>
    </div>
    <div
      className="sc-bdnylx kllbOP"
      onClick={[Function]}
      type="LIGHT"
    >
      <span
        className="sc-gtssRu hTGNSe"
      >
        
      </span>
    </div>
    <div
      className="sc-bdnylx bsOIpA"
      onClick={[Function]}
      type="DARK"
    >
      <span
        className="sc-gtssRu hTGNSe"
      >
        
      </span>
    </div>
    <div
      className="sc-bdnylx kllbOP"
      onClick={[Function]}
      type="LIGHT"
    >
      <span
        className="sc-gtssRu hTGNSe"
      >
        
      </span>
    </div>
    <div
      className="sc-bdnylx bsOIpA"
      onClick={[Function]}
      type="DARK"
    >
      <span
        className="sc-gtssRu hTGNSe"
      >
        
      </span>
    </div>
    <div
      className="sc-bdnylx bsOIpA"
      onClick={[Function]}
      type="DARK"
    >
      <span
        className="sc-gtssRu hTGNSe"
      >
        
      </span>
    </div>
    <div
      className="sc-bdnylx kllbOP"
      onClick={[Function]}
      type="LIGHT"
    >
      <span
        className="sc-gtssRu hTGNSe"
      >
        
      </span>
    </div>
    <div
      className="sc-bdnylx bsOIpA"
      onClick={[Function]}
      type="DARK"
    >
      <span
        className="sc-gtssRu hTGNSe"
      >
        
      </span>
    </div>
    <div
      className="sc-bdnylx kllbOP"
      onClick={[Function]}
      type="LIGHT"
    >
      <span
        className="sc-gtssRu hTGNSe"
      >
        
      </span>
    </div>
    <div
      className="sc-bdnylx bsOIpA"
      onClick={[Function]}
      type="DARK"
    >
      <span
        className="sc-gtssRu hTGNSe"
      >
        
      </span>
    </div>
    <div
      className="sc-bdnylx kllbOP"
      onClick={[Function]}
      type="LIGHT"
    >
      <span
        className="sc-gtssRu hTGNSe"
      >
        
      </span>
    </div>
    <div
      className="sc-bdnylx bsOIpA"
      onClick={[Function]}
      type="DARK"
    >
      <span
        className="sc-gtssRu hTGNSe"
      >
        
      </span>
    </div>
    <div
      className="sc-bdnylx kllbOP"
      onClick={[Function]}
      type="LIGHT"
    >
      <span
        className="sc-gtssRu hTGNSe"
      >
        
      </span>
    </div>
    <div
      className="sc-bdnylx kllbOP"
      onClick={[Function]}
      type="LIGHT"
    >
      <span
        className="sc-gtssRu hTGNSe"
      >
        
      </span>
    </div>
    <div
      className="sc-bdnylx bsOIpA"
      onClick={[Function]}
      type="DARK"
    >
      <span
        className="sc-gtssRu hTGNSe"
      >
        
      </span>
    </div>
    <div
      className="sc-bdnylx kllbOP"
      onClick={[Function]}
      type="LIGHT"
    >
      <span
        className="sc-gtssRu hTGNSe"
      >
        
      </span>
    </div>
    <div
      className="sc-bdnylx bsOIpA"
      onClick={[Function]}
      type="DARK"
    >
      <span
        className="sc-gtssRu hTGNSe"
      >
        
      </span>
    </div>
    <div
      className="sc-bdnylx kllbOP"
      onClick={[Function]}
      type="LIGHT"
    >
      <span
        className="sc-gtssRu hTGNSe"
      >
        
      </span>
    </div>
    <div
      className="sc-bdnylx bsOIpA"
      onClick={[Function]}
      type="DARK"
    >
      <span
        className="sc-gtssRu hTGNSe"
      >
        
      </span>
    </div>
    <div
      className="sc-bdnylx kllbOP"
      onClick={[Function]}
      type="LIGHT"
    >
      <span
        className="sc-gtssRu hTGNSe"
      >
        
      </span>
    </div>
    <div
      className="sc-bdnylx bsOIpA"
      onClick={[Function]}
      type="DARK"
    >
      <span
        className="sc-gtssRu hTGNSe"
      >
        
      </span>
    </div>
    <div
      className="sc-bdnylx bsOIpA"
      onClick={[Function]}
      type="DARK"
    >
      <span
        className="sc-gtssRu hTGNSe"
      >
        
      </span>
    </div>
    <div
      className="sc-bdnylx kllbOP"
      onClick={[Function]}
      type="LIGHT"
    >
      <span
        className="sc-gtssRu hTGNSe"
      >
        
      </span>
    </div>
    <div
      className="sc-bdnylx bsOIpA"
      onClick={[Function]}
      type="DARK"
    >
      <span
        className="sc-gtssRu hTGNSe"
      >
        
      </span>
    </div>
    <div
      className="sc-bdnylx kllbOP"
      onClick={[Function]}
      type="LIGHT"
    >
      <span
        className="sc-gtssRu hTGNSe"
      >
        
      </span>
    </div>
    <div
      className="sc-bdnylx bsOIpA"
      onClick={[Function]}
      type="DARK"
    >
      <span
        className="sc-gtssRu hTGNSe"
      >
        
      </span>
    </div>
    <div
      className="sc-bdnylx kllbOP"
      onClick={[Function]}
      type="LIGHT"
    >
      <span
        className="sc-gtssRu hTGNSe"
      >
        
      </span>
    </div>
    <div
      className="sc-bdnylx bsOIpA"
      onClick={[Function]}
      type="DARK"
    >
      <span
        className="sc-gtssRu hTGNSe"
      >
        
      </span>
    </div>
    <div
      className="sc-bdnylx kllbOP"
      onClick={[Function]}
      type="LIGHT"
    >
      <span
        className="sc-gtssRu hTGNSe"
      >
        
      </span>
    </div>
  </div>,
  <div
    className="sc-hKFyIo hdzxak"
  >
    <button
      className="sc-dlnjPT ehpGlk"
      disabled={false}
      onClick={[Function]}
    >
      Add pawn
    </button>
  </div>,
]
`;
